\BOOKMARK [0][-]{chapter.1}{Introduction}{}% 1
\BOOKMARK [1][-]{section.1.1}{some math}{chapter.1}% 2
\BOOKMARK [2][-]{subsection.1.1.1}{this is a subsection}{section.1.1}% 3
\BOOKMARK [0][-]{chapter.2}{This is a new chapter}{}% 4
\BOOKMARK [1][-]{section.2.1}{This is a section for more math}{chapter.2}% 5
\BOOKMARK [2][-]{subsection.2.1.1}{problem 1}{section.2.1}% 6
\BOOKMARK [2][-]{subsection.2.1.2}{Example on page 500, textbook \(Edwards\046Penny, 3rd edition\)}{section.2.1}% 7
