\BOOKMARK [0][-]{06.chapter.1:1}{\376\377\0001\000\040\000Q\000u\000a\000n\000t\000u\000m\000\040\000l\000o\000g\000i\000c}{}% 1
\BOOKMARK [1][-]{06.section.1:3}{\376\377\0001\000.\0001\000\040\000W\000h\000y\000\040\000d\000o\000\040\000w\000e\000\040\000n\000e\000e\000d\000\040\000q\000u\000a\000n\000t\000u\000m\000\040\000m\000e\000c\000h\000a\000n\000i\000c\000s\000?}{06.chapter.1:1}% 2
\BOOKMARK [2][-]{06.subsection.1:4}{\376\377\0001\000.\0001\000.\0001\000\040\000C\000o\000r\000p\000u\000s\000c\000u\000l\000a\000r\000\040\000t\000h\000e\000o\000r\000y\000\040\000o\000f\000\040\000l\000i\000g\000h\000t}{06.section.1:3}% 3
\BOOKMARK [2][-]{06.subsection.2:8}{\376\377\0001\000.\0001\000.\0002\000\040\000W\000a\000v\000e\000\040\000t\000h\000e\000o\000r\000y\000\040\000o\000f\000\040\000l\000i\000g\000h\000t}{06.section.1:3}% 4
\BOOKMARK [2][-]{06.subsection.3:10}{\376\377\0001\000.\0001\000.\0003\000\040\000L\000i\000g\000h\000t\000\040\000o\000f\000\040\000l\000o\000w\000\040\000i\000n\000t\000e\000n\000s\000i\000t\000y\000\040\000a\000n\000d\000\040\000o\000t\000h\000e\000r\000\040\000e\000x\000p\000e\000r\000i\000m\000e\000n\000t\000s}{06.section.1:3}% 5
\BOOKMARK [1][-]{06.section.2:13}{\376\377\0001\000.\0002\000\040\000C\000l\000a\000s\000s\000i\000c\000a\000l\000\040\000l\000o\000g\000i\000c}{06.chapter.1:1}% 6
\BOOKMARK [2][-]{06.subsection.1:14}{\376\377\0001\000.\0002\000.\0001\000\040\000P\000h\000a\000s\000e\000\040\000s\000p\000a\000c\000e\000\040\000o\000f\000\040\000o\000n\000e\000\040\000c\000l\000a\000s\000s\000i\000c\000a\000l\000\040\000p\000a\000r\000t\000i\000c\000l\000e}{06.section.2:13}% 7
\BOOKMARK [2][-]{06.subsection.2:17}{\376\377\0001\000.\0002\000.\0002\000\040\000P\000r\000o\000p\000o\000s\000i\000t\000i\000o\000n\000s\000\040\000i\000n\000\040\000p\000h\000a\000s\000e\000\040\000s\000p\000a\000c\000e}{06.section.2:13}% 8
\BOOKMARK [2][-]{06.subsection.3:19}{\376\377\0001\000.\0002\000.\0003\000\040\000O\000p\000e\000r\000a\000t\000i\000o\000n\000s\000\040\000w\000i\000t\000h\000\040\000p\000r\000o\000p\000o\000s\000i\000t\000i\000o\000n\000s}{06.section.2:13}% 9
\BOOKMARK [2][-]{06.subsection.4:26}{\376\377\0001\000.\0002\000.\0004\000\040\000A\000x\000i\000o\000m\000s\000\040\000o\000f\000\040\000l\000o\000g\000i\000c}{06.section.2:13}% 10
\BOOKMARK [2][-]{06.subsection.5:29}{\376\377\0001\000.\0002\000.\0005\000\040\000P\000h\000a\000s\000e\000\040\000s\000p\000a\000c\000e\000\040\000f\000r\000o\000m\000\040\000a\000x\000i\000o\000m\000s\000\040\000o\000f\000\040\000c\000l\000a\000s\000s\000i\000c\000a\000l\000\040\000l\000o\000g\000i\000c}{06.section.2:13}% 11
\BOOKMARK [2][-]{06.subsection.6:33}{\376\377\0001\000.\0002\000.\0006\000\040\000C\000l\000a\000s\000s\000i\000c\000a\000l\000\040\000o\000b\000s\000e\000r\000v\000a\000b\000l\000e\000s}{06.section.2:13}% 12
\BOOKMARK [1][-]{06.section.3:38}{\376\377\0001\000.\0003\000\040\000M\000e\000a\000s\000u\000r\000e\000m\000e\000n\000t\000s\000\040\000a\000n\000d\000\040\000p\000r\000o\000b\000a\000b\000i\000l\000i\000t\000i\000e\000s}{06.chapter.1:1}% 13
\BOOKMARK [2][-]{06.subsection.1:39}{\376\377\0001\000.\0003\000.\0001\000\040\000E\000n\000s\000e\000m\000b\000l\000e\000s\000\040\000a\000n\000d\000\040\000m\000e\000a\000s\000u\000r\000e\000m\000e\000n\000t\000s}{06.section.3:38}% 14
\BOOKMARK [2][-]{06.subsection.2:42}{\376\377\0001\000.\0003\000.\0002\000\040\000S\000t\000a\000t\000e\000s\000\040\000a\000s\000\040\000p\000r\000o\000b\000a\000b\000i\000l\000i\000t\000y\000\040\000m\000e\000a\000s\000u\000r\000e\000s}{06.section.3:38}% 15
\BOOKMARK [2][-]{06.subsection.3:46}{\376\377\0001\000.\0003\000.\0003\000\040\000P\000r\000o\000b\000a\000b\000i\000l\000i\000t\000y\000\040\000d\000i\000s\000t\000r\000i\000b\000u\000t\000i\000o\000n\000s\000\040\000a\000n\000d\000\040\000s\000t\000a\000t\000i\000s\000t\000i\000c\000a\000l\000\040\000m\000e\000c\000h\000a\000n\000i\000c\000s}{06.section.3:38}% 16
\BOOKMARK [1][-]{06.section.4:49}{\376\377\0001\000.\0004\000\040\000L\000o\000g\000i\000c\000\040\000o\000f\000\040\000q\000u\000a\000n\000t\000u\000m\000\040\000m\000e\000c\000h\000a\000n\000i\000c\000s}{06.chapter.1:1}% 17
\BOOKMARK [2][-]{06.subsection.1:52}{\376\377\0001\000.\0004\000.\0001\000\040\000P\000a\000r\000t\000i\000a\000l\000\040\000d\000e\000t\000e\000r\000m\000i\000n\000i\000s\000m\000\040\000o\000f\000\040\000q\000u\000a\000n\000t\000u\000m\000\040\000m\000e\000c\000h\000a\000n\000i\000c\000s}{06.section.4:49}% 18
\BOOKMARK [2][-]{06.subsection.2:58}{\376\377\0001\000.\0004\000.\0002\000\040\000A\000x\000i\000o\000m\000s\000\040\000o\000f\000\040\000q\000u\000a\000n\000t\000u\000m\000\040\000l\000o\000g\000i\000c\000\040\000f\000r\000o\000m\000\040\000p\000r\000o\000b\000a\000b\000i\000l\000i\000t\000y\000\040\000m\000e\000a\000s\000u\000r\000e\000s}{06.section.4:49}% 19
\BOOKMARK [2][-]{06.subsection.3:63}{\376\377\0001\000.\0004\000.\0003\000\040\000C\000o\000m\000p\000a\000t\000i\000b\000i\000l\000i\000t\000y\000\040\000o\000f\000\040\000p\000r\000o\000p\000o\000s\000i\000t\000i\000o\000n\000s}{06.section.4:49}% 20
\BOOKMARK [2][-]{06.subsection.4:66}{\376\377\0001\000.\0004\000.\0004\000\040\000L\000o\000g\000i\000c\000\040\000o\000f\000\040\000q\000u\000a\000n\000t\000u\000m\000\040\000m\000e\000c\000h\000a\000n\000i\000c\000s}{06.section.4:49}% 21
\BOOKMARK [2][-]{06.subsection.5:72}{\376\377\0001\000.\0004\000.\0005\000\040\000Q\000u\000a\000n\000t\000u\000m\000\040\000l\000o\000g\000i\000c\000\040\000a\000n\000d\000\040\000H\000i\000l\000b\000e\000r\000t\000\040\000s\000p\000a\000c\000e}{06.section.4:49}% 22
\BOOKMARK [2][-]{06.subsection.6:75}{\376\377\0001\000.\0004\000.\0006\000\040\000P\000i\000r\000o\000n\000'\000s\000\040\000t\000h\000e\000o\000r\000e\000m}{06.section.4:49}% 23
\BOOKMARK [2][-]{06.subsection.7:78}{\376\377\0001\000.\0004\000.\0007\000\040\000S\000h\000o\000u\000l\000d\000\040\000w\000e\000\040\000a\000b\000a\000n\000d\000o\000n\000\040\000c\000l\000a\000s\000s\000i\000c\000a\000l\000\040\000l\000o\000g\000i\000c\000?}{06.section.4:49}% 24
\BOOKMARK [1][-]{06.section.5:81}{\376\377\0001\000.\0005\000\040\000P\000h\000y\000s\000i\000c\000s\000\040\000i\000n\000\040\000H\000i\000l\000b\000e\000r\000t\000\040\000s\000p\000a\000c\000e}{06.chapter.1:1}% 25
\BOOKMARK [2][-]{06.subsection.1:82}{\376\377\0001\000.\0005\000.\0001\000\040\000Q\000u\000a\000n\000t\000u\000m\000\040\000o\000b\000s\000e\000r\000v\000a\000b\000l\000e\000s}{06.section.5:81}% 26
\BOOKMARK [2][-]{06.subsection.2:84}{\376\377\0001\000.\0005\000.\0002\000\040\000S\000t\000a\000t\000e\000s}{06.section.5:81}% 27
\BOOKMARK [2][-]{06.subsection.3:100}{\376\377\0001\000.\0005\000.\0003\000\040\000C\000o\000m\000p\000l\000e\000t\000e\000\040\000s\000e\000t\000s\000\040\000o\000f\000\040\000c\000o\000m\000m\000u\000t\000i\000n\000g\000\040\000o\000b\000s\000e\000r\000v\000a\000b\000l\000e\000s}{06.section.5:81}% 28
\BOOKMARK [2][-]{06.subsection.4:102}{\376\377\0001\000.\0005\000.\0004\000\040\000W\000a\000v\000e\000\040\000f\000u\000n\000c\000t\000i\000o\000n\000s}{06.section.5:81}% 29
\BOOKMARK [2][-]{06.subsection.5:105}{\376\377\0001\000.\0005\000.\0005\000\040\000E\000x\000p\000e\000c\000t\000a\000t\000i\000o\000n\000\040\000v\000a\000l\000u\000e\000s}{06.section.5:81}% 30
\BOOKMARK [2][-]{06.subsection.6:110}{\376\377\0001\000.\0005\000.\0006\000\040\000B\000a\000s\000i\000c\000\040\000r\000u\000l\000e\000s\000\040\000o\000f\000\040\000c\000l\000a\000s\000s\000i\000c\000a\000l\000\040\000a\000n\000d\000\040\000q\000u\000a\000n\000t\000u\000m\000\040\000m\000e\000c\000h\000a\000n\000i\000c\000s}{06.section.5:81}% 31
\BOOKMARK [1][-]{06.section.6:111}{\376\377\0001\000.\0006\000\040\000I\000n\000t\000e\000r\000p\000r\000e\000t\000a\000t\000i\000o\000n\000s\000\040\000o\000f\000\040\000q\000u\000a\000n\000t\000u\000m\000\040\000m\000e\000c\000h\000a\000n\000i\000c\000s}{06.chapter.1:1}% 32
\BOOKMARK [2][-]{06.subsection.1:112}{\376\377\0001\000.\0006\000.\0001\000\040\000Q\000u\000a\000n\000t\000u\000m\000\040\000n\000o\000n\000p\000r\000e\000d\000i\000c\000t\000a\000b\000i\000l\000i\000t\000y}{06.section.6:111}% 33
\BOOKMARK [2][-]{06.subsection.2:114}{\376\377\0001\000.\0006\000.\0002\000\040\000C\000o\000l\000l\000a\000p\000s\000e\000\040\000o\000f\000\040\000w\000a\000v\000e\000\040\000f\000u\000n\000c\000t\000i\000o\000n}{06.section.6:111}% 34
\BOOKMARK [2][-]{06.subsection.3:117}{\376\377\0001\000.\0006\000.\0003\000\040\000C\000o\000l\000l\000a\000p\000s\000e\000\040\000o\000f\000\040\000c\000l\000a\000s\000s\000i\000c\000a\000l\000\040\000p\000r\000o\000b\000a\000b\000i\000l\000i\000t\000y\000\040\000d\000i\000s\000t\000r\000i\000b\000u\000t\000i\000o\000n}{06.section.6:111}% 35
\BOOKMARK [2][-]{06.subsection.4:118}{\376\377\0001\000.\0006\000.\0004\000\040\000H\000i\000d\000d\000e\000n\000\040\000v\000a\000r\000i\000a\000b\000l\000e\000s}{06.section.6:111}% 36
\BOOKMARK [2][-]{06.subsection.5:119}{\376\377\0001\000.\0006\000.\0005\000\040\000Q\000u\000a\000n\000t\000u\000m\000-\000l\000o\000g\000i\000c\000a\000l\000\040\000i\000n\000t\000e\000r\000p\000r\000e\000t\000a\000t\000i\000o\000n}{06.section.6:111}% 37
\BOOKMARK [2][-]{06.subsection.6:120}{\376\377\0001\000.\0006\000.\0006\000\040\000Q\000u\000a\000n\000t\000u\000m\000\040\000r\000a\000n\000d\000o\000m\000n\000e\000s\000s\000\040\000a\000n\000d\000\040\000l\000i\000m\000i\000t\000s\000\040\000o\000f\000\040\000k\000n\000o\000w\000l\000e\000d\000g\000e}{06.section.6:111}% 38
