\BOOKMARK [0][-]{stefan107.chapter.7:1}{\376\377\0007\000\040\000S\000c\000a\000t\000t\000e\000r\000i\000n\000g}{}% 1
\BOOKMARK [1][-]{stefan107.section.1:2}{\376\377\0007\000.\0001\000\040\000S\000c\000a\000t\000t\000e\000r\000i\000n\000g\000\040\000o\000p\000e\000r\000a\000t\000o\000r\000s}{stefan107.chapter.7:1}% 2
\BOOKMARK [2][-]{stefan107.subsection.1:3}{\376\377\0007\000.\0001\000.\0001\000\040\000P\000h\000y\000s\000i\000c\000a\000l\000\040\000m\000e\000a\000n\000i\000n\000g\000\040\000o\000f\000\040\000S\000-\000o\000p\000e\000r\000a\000t\000o\000r}{stefan107.section.1:2}% 3
\BOOKMARK [2][-]{stefan107.subsection.2:16}{\376\377\0007\000.\0001\000.\0002\000\040\000S\000-\000o\000p\000e\000r\000a\000t\000o\000r\000\040\000i\000n\000\040\000p\000e\000r\000t\000u\000r\000b\000a\000t\000i\000o\000n\000\040\000t\000h\000e\000o\000r\000y}{stefan107.section.1:2}% 4
\BOOKMARK [2][-]{stefan107.subsection.3:21}{\376\377\0007\000.\0001\000.\0003\000\040\000C\000o\000n\000v\000e\000n\000i\000e\000n\000t\000\040\000n\000o\000t\000a\000t\000i\000o\000n\000\040\000f\000o\000r\000\040\000t\000-\000i\000n\000t\000e\000g\000r\000a\000l\000s}{stefan107.section.1:2}% 5
\BOOKMARK [2][-]{stefan107.subsection.4:34}{\376\377\0007\000.\0001\000.\0004\000\040\000A\000d\000i\000a\000b\000a\000t\000i\000c\000\040\000s\000w\000i\000t\000c\000h\000i\000n\000g\000\040\000o\000f\000\040\000i\000n\000t\000e\000r\000a\000c\000t\000i\000o\000n}{stefan107.section.1:2}% 6
\BOOKMARK [2][-]{stefan107.subsection.5:44}{\376\377\0007\000.\0001\000.\0005\000\040\000T\000-\000m\000a\000t\000r\000i\000x}{stefan107.section.1:2}% 7
\BOOKMARK [2][-]{stefan107.subsection.6:50}{\376\377\0007\000.\0001\000.\0006\000\040\000S\000-\000m\000a\000t\000r\000i\000x\000\040\000a\000n\000d\000\040\000b\000o\000u\000n\000d\000\040\000s\000t\000a\000t\000e\000s}{stefan107.section.1:2}% 8
\BOOKMARK [1][-]{stefan107.section.2:53}{\376\377\0007\000.\0002\000\040\000S\000c\000a\000t\000t\000e\000r\000i\000n\000g\000\040\000e\000q\000u\000i\000v\000a\000l\000e\000n\000c\000e}{stefan107.chapter.7:1}% 9
\BOOKMARK [2][-]{stefan107.subsection.1:54}{\376\377\0007\000.\0002\000.\0001\000\040\000E\000q\000u\000i\000v\000a\000l\000e\000n\000t\000\040\000H\000a\000m\000i\000l\000t\000o\000n\000i\000a\000n\000s}{stefan107.section.2:53}% 10
\BOOKMARK [2][-]{stefan107.subsection.2:61}{\376\377\0007\000.\0002\000.\0002\000\040\000B\000a\000k\000a\000m\000j\000i\000a\000n\000\040\000c\000o\000n\000s\000t\000r\000u\000c\000t\000i\000o\000n\000\040\000o\000f\000\040\000p\000o\000i\000n\000t\000-\000f\000o\000r\000m\000\040\000d\000y\000n\000a\000m\000i\000c\000s}{stefan107.section.2:53}% 11
\BOOKMARK [2][-]{stefan107.subsection.3:65}{\376\377\0007\000.\0002\000.\0003\000\040\000U\000n\000i\000t\000a\000r\000y\000\040\000l\000i\000n\000k\000\040\000b\000e\000t\000w\000e\000e\000n\000\040\000p\000o\000i\000n\000t\000\040\000a\000n\000d\000\040\000i\000n\000s\000t\000a\000n\000t\000\040\000f\000o\000r\000m\000s\000\040\000o\000f\000\040\000d\000y\000n\000a\000m\000i\000c\000s}{stefan107.section.2:53}% 12
\BOOKMARK [2][-]{stefan107.subsection.4:66}{\376\377\0007\000.\0002\000.\0004\000\040\000S\000c\000a\000t\000t\000e\000r\000i\000n\000g\000\040\000e\000q\000u\000i\000v\000a\000l\000e\000n\000c\000e\000\040\000o\000f\000\040\000f\000o\000r\000m\000s\000\040\000o\000f\000\040\000d\000y\000n\000a\000m\000i\000c\000s}{stefan107.section.2:53}% 13
