\BOOKMARK [0][-]{schade05.chapter.5:1}{\376\377\0005\000\040\000R\000e\000p\000r\000e\000s\000e\000n\000t\000a\000t\000i\000o\000n\000\040\000o\000f\000\040\000T\000e\000n\000s\000o\000r\000\040\000F\000u\000n\000c\000t\000i\000o\000n\000s}{}% 1
\BOOKMARK [1][-]{schade05.section.1:2}{\376\377\0005\000.\0001\000\040\000b\000l\000a\000c\000k\000T\000h\000e\000\040\000B\000a\000s\000i\000c\000\040\000I\000d\000e\000a\000\040\000o\000f\000\040\000t\000h\000e\000\040\000R\000e\000p\000r\000e\000s\000e\000n\000t\000a\000t\000i\000o\000n\000\040\000o\000f\000\040\000T\000e\000n\000s\000o\000r\000\040\000F\000u\000n\000c\000t\000i\000o\000n\000s}{schade05.chapter.5:1}% 2
\BOOKMARK [1][-]{schade05.section.2:5}{\376\377\0005\000.\0002\000\040\000b\000l\000a\000c\000k\000G\000e\000n\000e\000r\000a\000l\000i\000z\000e\000d\000\040\000C\000a\000y\000l\000e\000y\040\023\000H\000a\000m\000i\000l\000t\000o\000n\000\040\000T\000h\000e\000o\000r\000e\000m}{schade05.chapter.5:1}% 3
\BOOKMARK [1][-]{schade05.section.3:9}{\376\377\0005\000.\0003\000\040\000b\000l\000a\000c\000k\000I\000n\000v\000a\000r\000i\000a\000n\000t\000s\000\040\000o\000f\000\040\000V\000e\000c\000t\000o\000r\000s\000\040\000a\000n\000d\000\040\000S\000e\000c\000o\000n\000d\000-\000O\000r\000d\000e\000r\000\040\000T\000e\000n\000s\000o\000r\000s}{schade05.chapter.5:1}% 4
\BOOKMARK [2][-]{schade05.subsection.1:12}{\376\377\0005\000.\0003\000.\0001\000\040\000b\000l\000a\000c\000k\000I\000n\000v\000a\000r\000i\000a\000n\000t\000s\000\040\000o\000f\000\040\000V\000e\000c\000t\000o\000r\000s}{schade05.section.3:9}% 5
\BOOKMARK [2][-]{schade05.subsection.2:13}{\376\377\0005\000.\0003\000.\0002\000\040\000b\000l\000a\000c\000k\000I\000n\000d\000e\000p\000e\000n\000d\000e\000n\000t\000\040\000I\000n\000v\000a\000r\000i\000a\000n\000t\000s\000\040\000o\000f\000\040\000a\000\040\000S\000e\000c\000o\000n\000d\000-\000O\000r\000d\000e\000r\000\040\000T\000e\000n\000s\000o\000r}{schade05.section.3:9}% 6
\BOOKMARK [2][-]{schade05.subsection.3:15}{\376\377\0005\000.\0003\000.\0003\000\040\000b\000l\000a\000c\000k\000I\000r\000r\000e\000d\000u\000c\000i\000b\000l\000e\000\040\000I\000n\000v\000a\000r\000i\000a\000n\000t\000s\000\040\000o\000f\000\040\000S\000e\000c\000o\000n\000d\000-\000O\000r\000d\000e\000r\000\040\000T\000e\000n\000s\000o\000r\000s}{schade05.section.3:9}% 7
\BOOKMARK [2][-]{schade05.subsection.4:35}{\376\377\0005\000.\0003\000.\0004\000\040\000S\000u\000m\000m\000a\000r\000y}{schade05.section.3:9}% 8
\BOOKMARK [1][-]{schade05.section.4:37}{\376\377\0005\000.\0004\000\040\000b\000l\000a\000c\000k\000I\000s\000o\000t\000r\000o\000p\000i\000c\000\040\000T\000e\000n\000s\000o\000r\000\040\000F\000u\000n\000c\000t\000i\000o\000n\000s}{schade05.chapter.5:1}% 9
\BOOKMARK [2][-]{schade05.subsection.1:38}{\376\377\0005\000.\0004\000.\0001\000\040\000b\000l\000a\000c\000k\000I\000n\000v\000a\000r\000i\000a\000n\000c\000e\000\040\000C\000o\000n\000d\000i\000t\000i\000o\000n\000s}{schade05.section.4:37}% 10
\BOOKMARK [2][-]{schade05.subsection.2:42}{\376\377\0005\000.\0004\000.\0002\000\040\000b\000l\000a\000c\000k\000S\000c\000a\000l\000a\000r\000-\000V\000a\000l\000u\000e\000d\000\040\000F\000u\000n\000c\000t\000i\000o\000n\000s}{schade05.section.4:37}% 11
\BOOKMARK [2][-]{schade05.subsection.3:44}{\376\377\0005\000.\0004\000.\0003\000\040\000b\000l\000a\000c\000k\000V\000e\000c\000t\000o\000r\000-\000V\000a\000l\000u\000e\000d\000\040\000F\000u\000n\000c\000t\000i\000o\000n\000s}{schade05.section.4:37}% 12
\BOOKMARK [2][-]{schade05.subsection.4:48}{\376\377\0005\000.\0004\000.\0004\000\040\000b\000l\000a\000c\000k\000T\000e\000n\000s\000o\000r\000-\000V\000a\000l\000u\000e\000d\000\040\000F\000u\000n\000c\000t\000i\000o\000n\000s}{schade05.section.4:37}% 13
\BOOKMARK [2][-]{schade05.subsection.5:51}{\376\377\0005\000.\0004\000.\0005\000\040\000b\000l\000a\000c\000k\000S\000u\000m\000m\000a\000r\000y}{schade05.section.4:37}% 14
\BOOKMARK [1][-]{schade05.section.5:53}{\376\377\0005\000.\0005\000\040\000b\000l\000a\000c\000k\000C\000o\000n\000s\000i\000d\000e\000r\000i\000n\000g\000\040\000A\000n\000i\000s\000o\000t\000r\000o\000p\000y}{schade05.chapter.5:1}% 15
