\BOOKMARK [0][-]{chencao01.chapter.1:1}{\376\377\0001\000\040\000I\000n\000t\000r\000o\000d\000u\000c\000t\000i\000o\000n}{}% 1
\BOOKMARK [1][-]{chencao01.section.1:2}{\376\377\0001\000.\0001\000\040\000M\000o\000t\000i\000v\000a\000t\000i\000o\000n}{chencao01.chapter.1:1}% 2
\BOOKMARK [1][-]{chencao01.section.2:3}{\376\377\0001\000.\0002\000\040\000C\000u\000r\000r\000e\000n\000t\000\040\000s\000t\000a\000t\000u\000s\000\040\000o\000f\000\040\000r\000e\000s\000e\000a\000r\000c\000h}{chencao01.chapter.1:1}% 3
\BOOKMARK [2][-]{chencao01.subsection.1:4}{\376\377\0001\000.\0002\000.\0001\000\040\000M\000o\000d\000e\000l\000i\000n\000g\000\040\000o\000f\000\040\000c\000r\000o\000w\000d\000s}{chencao01.section.2:3}% 4
\BOOKMARK [2][-]{chencao01.subsection.2:5}{\376\377\0001\000.\0002\000.\0002\000\040\000C\000o\000n\000t\000r\000o\000l\000\040\000o\000f\000\040\000c\000r\000o\000w\000d\000s}{chencao01.section.2:3}% 5
\BOOKMARK [2][-]{chencao01.subsection.3:6}{\376\377\0001\000.\0002\000.\0003\000\040\000C\000o\000m\000m\000e\000n\000t\000s}{chencao01.section.2:3}% 6
\BOOKMARK [1][-]{chencao01.section.3:7}{\376\377\0001\000.\0003\000\040\000O\000r\000g\000a\000n\000i\000z\000a\000t\000i\000o\000n\000\040\000o\000f\000\040\000t\000h\000i\000s\000\040\000b\000o\000o\000k}{chencao01.chapter.1:1}% 7
\BOOKMARK [1][-]{chencao01.section.3:9}{\376\377\000\040\000R\000e\000f\000e\000r\000e\000n\000c\000e\000s}{chencao01.chapter.1:1}% 8
